DEBUG 2026-01-08 20:00:05,659 utils (0.000) 
            SELECT name, type FROM sqlite_master
            WHERE type in ('table', 'view') AND NOT name='sqlite_sequence'
            ORDER BY name; args=None; alias=default
DEBUG 2026-01-08 20:00:05,660 utils (0.000) SELECT "django_migrations"."id", "django_migrations"."app", "django_migrations"."name", "django_migrations"."applied" FROM "django_migrations"; args=(); alias=default
DEBUG 2026-01-08 20:00:22,069 utils (0.000) SELECT "auth_user"."id", "auth_user"."password", "auth_user"."last_login", "auth_user"."is_superuser", "auth_user"."username", "auth_user"."first_name", "auth_user"."last_name", "auth_user"."email", "auth_user"."is_staff", "auth_user"."is_active", "auth_user"."date_joined" FROM "auth_user" WHERE "auth_user"."username" = 'vladimir' LIMIT 21; args=('vladimir',); alias=default
DEBUG 2026-01-08 20:00:26,493 utils (0.000) SELECT "auth_user"."id", "auth_user"."password", "auth_user"."last_login", "auth_user"."is_superuser", "auth_user"."username", "auth_user"."first_name", "auth_user"."last_name", "auth_user"."email", "auth_user"."is_staff", "auth_user"."is_active", "auth_user"."date_joined" FROM "auth_user" WHERE "auth_user"."username" = 'vladimir' LIMIT 21; args=('vladimir',); alias=default
DEBUG 2026-01-08 20:01:00,009 utils (0.000) 
            SELECT name, type FROM sqlite_master
            WHERE type in ('table', 'view') AND NOT name='sqlite_sequence'
            ORDER BY name; args=None; alias=default
DEBUG 2026-01-08 20:01:00,011 utils (0.000) SELECT "django_migrations"."id", "django_migrations"."app", "django_migrations"."name", "django_migrations"."applied" FROM "django_migrations"; args=(); alias=default
DEBUG 2026-01-08 20:01:00,012 utils (0.000) SELECT "auth_user"."id", "auth_user"."password", "auth_user"."last_login", "auth_user"."is_superuser", "auth_user"."username", "auth_user"."first_name", "auth_user"."last_name", "auth_user"."email", "auth_user"."is_staff", "auth_user"."is_active", "auth_user"."date_joined" FROM "auth_user" WHERE "auth_user"."username" = 'vladi' LIMIT 21; args=('vladi',); alias=default
DEBUG 2026-01-08 20:01:08,323 utils (0.000) SELECT "auth_user"."id", "auth_user"."password", "auth_user"."last_login", "auth_user"."is_superuser", "auth_user"."username", "auth_user"."first_name", "auth_user"."last_name", "auth_user"."email", "auth_user"."is_staff", "auth_user"."is_active", "auth_user"."date_joined" FROM "auth_user" WHERE "auth_user"."username" = 'vladimir1' LIMIT 21; args=('vladimir1',); alias=default
DEBUG 2026-01-08 20:01:33,016 utils (0.000) 
            SELECT name, type FROM sqlite_master
            WHERE type in ('table', 'view') AND NOT name='sqlite_sequence'
            ORDER BY name; args=None; alias=default
DEBUG 2026-01-08 20:01:33,018 utils (0.000) SELECT "django_migrations"."id", "django_migrations"."app", "django_migrations"."name", "django_migrations"."applied" FROM "django_migrations"; args=(); alias=default
DEBUG 2026-01-08 20:02:01,214 utils (0.000) SELECT "auth_user"."id", "auth_user"."password", "auth_user"."last_login", "auth_user"."is_superuser", "auth_user"."username", "auth_user"."first_name", "auth_user"."last_name", "auth_user"."email", "auth_user"."is_staff", "auth_user"."is_active", "auth_user"."date_joined" FROM "auth_user" WHERE "auth_user"."username" = 'vladimir1' LIMIT 21; args=('vladimir1',); alias=default
DEBUG 2026-01-08 20:02:05,558 utils (0.000) SELECT "auth_user"."id", "auth_user"."password", "auth_user"."last_login", "auth_user"."is_superuser", "auth_user"."username", "auth_user"."first_name", "auth_user"."last_name", "auth_user"."email", "auth_user"."is_staff", "auth_user"."is_active", "auth_user"."date_joined" FROM "auth_user" WHERE "auth_user"."username" = 'vladimir1' LIMIT 21; args=('vladimir1',); alias=default
DEBUG 2026-01-08 20:02:05,907 utils (0.000) SELECT 1 AS "a" FROM "django_session" WHERE "django_session"."session_key" = 's0pso4yq5la4a3hignel3hz7gjglqbu1' LIMIT 1; args=(1, 's0pso4yq5la4a3hignel3hz7gjglqbu1'); alias=default
DEBUG 2026-01-08 20:02:05,907 utils (0.000) BEGIN; args=None; alias=default
DEBUG 2026-01-08 20:02:05,910 utils (0.002) INSERT INTO "django_session" ("session_key", "session_data", "expire_date") VALUES ('s0pso4yq5la4a3hignel3hz7gjglqbu1', 'e30:1vdtOf:2m1H8kgT_LNXUkasl6Ps5TSuINqNagqNEPsWBEDEjwQ', '2026-01-22 17:02:05.907702'); args=('s0pso4yq5la4a3hignel3hz7gjglqbu1', 'e30:1vdtOf:2m1H8kgT_LNXUkasl6Ps5TSuINqNagqNEPsWBEDEjwQ', '2026-01-22 17:02:05.907702'); alias=default
DEBUG 2026-01-08 20:02:05,912 utils (0.002) COMMIT; args=None; alias=default
DEBUG 2026-01-08 20:02:05,915 utils (0.002) UPDATE "auth_user" SET "last_login" = '2026-01-08 17:02:05.912887' WHERE "auth_user"."id" = 1; args=('2026-01-08 17:02:05.912887', 1); alias=default
DEBUG 2026-01-08 20:02:05,915 utils (0.000) BEGIN; args=None; alias=default
DEBUG 2026-01-08 20:02:05,916 utils (0.000) UPDATE "django_session" SET "session_data" = '.eJxVjEsOAiEQBe_C2hAcPt24dD9nIA00Mmogmc_KeHedZBa6fVX1XiLQttawLTyHKYuLOIvT7xYpPbjtIN-p3bpMva3zFOWuyIMucuyZn9fD_TuotNRvDcnAgAaNg6SVZYwFaEBg5ZCYPbpM3nqOyWssGaIetGFwNisXoRjx_gDQgDek:1vdtOf:CWBy-Ipg2o_s7o326mqKUe7CCC9lJPnCJwMPFxohRwI', "expire_date" = '2026-01-22 17:02:05.915450' WHERE "django_session"."session_key" = 's0pso4yq5la4a3hignel3hz7gjglqbu1'; args=('.eJxVjEsOAiEQBe_C2hAcPt24dD9nIA00Mmogmc_KeHedZBa6fVX1XiLQttawLTyHKYuLOIvT7xYpPbjtIN-p3bpMva3zFOWuyIMucuyZn9fD_TuotNRvDcnAgAaNg6SVZYwFaEBg5ZCYPbpM3nqOyWssGaIetGFwNisXoRjx_gDQgDek:1vdtOf:CWBy-Ipg2o_s7o326mqKUe7CCC9lJPnCJwMPFxohRwI', '2026-01-22 17:02:05.915450', 's0pso4yq5la4a3hignel3hz7gjglqbu1'); alias=default
DEBUG 2026-01-08 20:02:05,917 utils (0.001) COMMIT; args=None; alias=default
DEBUG 2026-01-08 20:02:05,922 utils (0.000) SELECT "django_session"."session_key", "django_session"."session_data", "django_session"."expire_date" FROM "django_session" WHERE ("django_session"."expire_date" > '2026-01-08 17:02:05.920301' AND "django_session"."session_key" = 's0pso4yq5la4a3hignel3hz7gjglqbu1') LIMIT 21; args=('2026-01-08 17:02:05.920301', 's0pso4yq5la4a3hignel3hz7gjglqbu1'); alias=default
DEBUG 2026-01-08 20:02:05,922 utils (0.000) SELECT "auth_user"."id", "auth_user"."password", "auth_user"."last_login", "auth_user"."is_superuser", "auth_user"."username", "auth_user"."first_name", "auth_user"."last_name", "auth_user"."email", "auth_user"."is_staff", "auth_user"."is_active", "auth_user"."date_joined" FROM "auth_user" WHERE "auth_user"."id" = 1 LIMIT 21; args=(1,); alias=default
DEBUG 2026-01-08 20:02:05,946 utils (0.000) SELECT "django_admin_log"."id", "django_admin_log"."action_time", "django_admin_log"."user_id", "django_admin_log"."content_type_id", "django_admin_log"."object_id", "django_admin_log"."object_repr", "django_admin_log"."action_flag", "django_admin_log"."change_message", "auth_user"."id", "auth_user"."password", "auth_user"."last_login", "auth_user"."is_superuser", "auth_user"."username", "auth_user"."first_name", "auth_user"."last_name", "auth_user"."email", "auth_user"."is_staff", "auth_user"."is_active", "auth_user"."date_joined", "django_content_type"."id", "django_content_type"."app_label", "django_content_type"."model" FROM "django_admin_log" INNER JOIN "auth_user" ON ("django_admin_log"."user_id" = "auth_user"."id") LEFT OUTER JOIN "django_content_type" ON ("django_admin_log"."content_type_id" = "django_content_type"."id") WHERE "django_admin_log"."user_id" = 1 ORDER BY "django_admin_log"."action_time" DESC LIMIT 10; args=(1,); alias=default
DEBUG 2026-01-08 20:16:11,087 utils (0.000) 
            SELECT name, type FROM sqlite_master
            WHERE type in ('table', 'view') AND NOT name='sqlite_sequence'
            ORDER BY name; args=None; alias=default
DEBUG 2026-01-08 20:16:11,089 utils (0.000) SELECT "django_migrations"."id", "django_migrations"."app", "django_migrations"."name", "django_migrations"."applied" FROM "django_migrations"; args=(); alias=default
DEBUG 2026-01-08 20:16:11,090 utils (0.000) SELECT "auth_user"."id", "auth_user"."password", "auth_user"."last_login", "auth_user"."is_superuser", "auth_user"."username", "auth_user"."first_name", "auth_user"."last_name", "auth_user"."email", "auth_user"."is_staff", "auth_user"."is_active", "auth_user"."date_joined" FROM "auth_user" WHERE "auth_user"."username" = 'vladi' LIMIT 21; args=('vladi',); alias=default
DEBUG 2026-01-08 20:16:17,826 utils (0.000) SELECT "auth_user"."id", "auth_user"."password", "auth_user"."last_login", "auth_user"."is_superuser", "auth_user"."username", "auth_user"."first_name", "auth_user"."last_name", "auth_user"."email", "auth_user"."is_staff", "auth_user"."is_active", "auth_user"."date_joined" FROM "auth_user" WHERE "auth_user"."username" = 'admin' LIMIT 21; args=('admin',); alias=default
DEBUG 2026-01-08 20:16:36,223 utils (0.001) INSERT INTO "auth_user" ("password", "last_login", "is_superuser", "username", "first_name", "last_name", "email", "is_staff", "is_active", "date_joined") VALUES ('pbkdf2_sha256$1200000$3Rf9Og2GOkfEmJNiQpzUfB$EOBewKoA1qXCD7N54xsWeNXeGi+UEsKcZQ1jLVXS1Lw=', NULL, 1, 'admin', '', '', 'admin@example.com', 1, 1, '2026-01-08 17:16:35.877476') RETURNING "auth_user"."id"; args=('pbkdf2_sha256$1200000$3Rf9Og2GOkfEmJNiQpzUfB$EOBewKoA1qXCD7N54xsWeNXeGi+UEsKcZQ1jLVXS1Lw=', None, True, 'admin', '', '', 'admin@example.com', True, True, '2026-01-08 17:16:35.877476'); alias=default
DEBUG 2026-01-08 20:25:20,122 utils (0.000) 
            SELECT name, type FROM sqlite_master
            WHERE type in ('table', 'view') AND NOT name='sqlite_sequence'
            ORDER BY name; args=None; alias=default
DEBUG 2026-01-08 20:25:20,124 utils (0.000) SELECT "django_migrations"."id", "django_migrations"."app", "django_migrations"."name", "django_migrations"."applied" FROM "django_migrations"; args=(); alias=default
DEBUG 2026-01-08 20:25:20,125 utils (0.000) SELECT "auth_user"."id", "auth_user"."password", "auth_user"."last_login", "auth_user"."is_superuser", "auth_user"."username", "auth_user"."first_name", "auth_user"."last_name", "auth_user"."email", "auth_user"."is_staff", "auth_user"."is_active", "auth_user"."date_joined" FROM "auth_user" WHERE "auth_user"."username" = 'vladi' LIMIT 21; args=('vladi',); alias=default
DEBUG 2026-01-08 20:25:25,869 utils (0.000) 
            SELECT name, type FROM sqlite_master
            WHERE type in ('table', 'view') AND NOT name='sqlite_sequence'
            ORDER BY name; args=None; alias=default
DEBUG 2026-01-08 20:25:25,871 utils (0.000) SELECT "django_migrations"."id", "django_migrations"."app", "django_migrations"."name", "django_migrations"."applied" FROM "django_migrations"; args=(); alias=default
DEBUG 2026-01-08 20:28:10,335 utils (0.000) SELECT "auth_user"."id", "auth_user"."password", "auth_user"."last_login", "auth_user"."is_superuser", "auth_user"."username", "auth_user"."first_name", "auth_user"."last_name", "auth_user"."email", "auth_user"."is_staff", "auth_user"."is_active", "auth_user"."date_joined" FROM "auth_user" WHERE "auth_user"."username" = 'admin' LIMIT 21; args=('admin',); alias=default
DEBUG 2026-01-08 20:28:10,972 utils (0.004) UPDATE "auth_user" SET "last_login" = '2026-01-08 17:28:10.968264' WHERE "auth_user"."id" = 2; args=('2026-01-08 17:28:10.968264', 2); alias=default
DEBUG 2026-01-08 20:33:59,802 utils (0.000) SELECT "django_session"."session_key", "django_session"."session_data", "django_session"."expire_date" FROM "django_session" WHERE ("django_session"."expire_date" > '2026-01-08 17:33:59.800286' AND "django_session"."session_key" = 's0pso4yq5la4a3hignel3hz7gjglqbu1') LIMIT 21; args=('2026-01-08 17:33:59.800286', 's0pso4yq5la4a3hignel3hz7gjglqbu1'); alias=default
DEBUG 2026-01-08 20:33:59,803 utils (0.000) SELECT "auth_user"."id", "auth_user"."password", "auth_user"."last_login", "auth_user"."is_superuser", "auth_user"."username", "auth_user"."first_name", "auth_user"."last_name", "auth_user"."email", "auth_user"."is_staff", "auth_user"."is_active", "auth_user"."date_joined" FROM "auth_user" WHERE "auth_user"."id" = 1 LIMIT 21; args=(1,); alias=default
DEBUG 2026-01-08 20:33:59,851 utils (0.000) SELECT "django_admin_log"."id", "django_admin_log"."action_time", "django_admin_log"."user_id", "django_admin_log"."content_type_id", "django_admin_log"."object_id", "django_admin_log"."object_repr", "django_admin_log"."action_flag", "django_admin_log"."change_message", "auth_user"."id", "auth_user"."password", "auth_user"."last_login", "auth_user"."is_superuser", "auth_user"."username", "auth_user"."first_name", "auth_user"."last_name", "auth_user"."email", "auth_user"."is_staff", "auth_user"."is_active", "auth_user"."date_joined", "django_content_type"."id", "django_content_type"."app_label", "django_content_type"."model" FROM "django_admin_log" INNER JOIN "auth_user" ON ("django_admin_log"."user_id" = "auth_user"."id") LEFT OUTER JOIN "django_content_type" ON ("django_admin_log"."content_type_id" = "django_content_type"."id") WHERE "django_admin_log"."user_id" = 1 ORDER BY "django_admin_log"."action_time" DESC LIMIT 10; args=(1,); alias=default
DEBUG 2026-01-08 20:34:01,068 utils (0.000) SELECT "django_session"."session_key", "django_session"."session_data", "django_session"."expire_date" FROM "django_session" WHERE ("django_session"."expire_date" > '2026-01-08 17:34:01.066991' AND "django_session"."session_key" = 's0pso4yq5la4a3hignel3hz7gjglqbu1') LIMIT 21; args=('2026-01-08 17:34:01.066991', 's0pso4yq5la4a3hignel3hz7gjglqbu1'); alias=default
DEBUG 2026-01-08 20:34:01,069 utils (0.000) SELECT "auth_user"."id", "auth_user"."password", "auth_user"."last_login", "auth_user"."is_superuser", "auth_user"."username", "auth_user"."first_name", "auth_user"."last_name", "auth_user"."email", "auth_user"."is_staff", "auth_user"."is_active", "auth_user"."date_joined" FROM "auth_user" WHERE "auth_user"."id" = 1 LIMIT 21; args=(1,); alias=default
DEBUG 2026-01-08 20:34:01,072 utils (0.000) SELECT "django_content_type"."id", "django_content_type"."app_label", "django_content_type"."model" FROM "django_content_type" WHERE ("django_content_type"."app_label" = 'task_manager' AND "django_content_type"."model" = 'category') LIMIT 21; args=('task_manager', 'category'); alias=default
DEBUG 2026-01-08 20:34:01,243 utils (0.001) SELECT "django_session"."session_key", "django_session"."session_data", "django_session"."expire_date" FROM "django_session" WHERE ("django_session"."expire_date" > '2026-01-08 17:34:01.238250' AND "django_session"."session_key" = 's0pso4yq5la4a3hignel3hz7gjglqbu1') LIMIT 21; args=('2026-01-08 17:34:01.238250', 's0pso4yq5la4a3hignel3hz7gjglqbu1'); alias=default
DEBUG 2026-01-08 20:34:01,247 utils (0.001) SELECT "auth_user"."id", "auth_user"."password", "auth_user"."last_login", "auth_user"."is_superuser", "auth_user"."username", "auth_user"."first_name", "auth_user"."last_name", "auth_user"."email", "auth_user"."is_staff", "auth_user"."is_active", "auth_user"."date_joined" FROM "auth_user" WHERE "auth_user"."id" = 1 LIMIT 21; args=(1,); alias=default
DEBUG 2026-01-08 20:34:39,377 utils (0.000) SELECT "django_session"."session_key", "django_session"."session_data", "django_session"."expire_date" FROM "django_session" WHERE ("django_session"."expire_date" > '2026-01-08 17:34:39.376082' AND "django_session"."session_key" = 's0pso4yq5la4a3hignel3hz7gjglqbu1') LIMIT 21; args=('2026-01-08 17:34:39.376082', 's0pso4yq5la4a3hignel3hz7gjglqbu1'); alias=default
DEBUG 2026-01-08 20:34:39,378 utils (0.000) SELECT "auth_user"."id", "auth_user"."password", "auth_user"."last_login", "auth_user"."is_superuser", "auth_user"."username", "auth_user"."first_name", "auth_user"."last_name", "auth_user"."email", "auth_user"."is_staff", "auth_user"."is_active", "auth_user"."date_joined" FROM "auth_user" WHERE "auth_user"."id" = 1 LIMIT 21; args=(1,); alias=default
DEBUG 2026-01-08 20:34:39,380 utils (0.001) SELECT COUNT(*) AS "__count" FROM "task_manager_category" WHERE NOT "task_manager_category"."is_deleted"; args=(); alias=default
DEBUG 2026-01-08 20:34:39,381 utils (0.000) SELECT COUNT(*) AS "__count" FROM "task_manager_category" WHERE NOT "task_manager_category"."is_deleted"; args=(); alias=default
DEBUG 2026-01-08 20:34:39,383 utils (0.000) SELECT "task_manager_category"."id", "task_manager_category"."name", "task_manager_category"."description", "task_manager_category"."created_at", "task_manager_category"."is_deleted", "task_manager_category"."deleted_at" FROM "task_manager_category" WHERE NOT "task_manager_category"."is_deleted" ORDER BY "task_manager_category"."name" ASC; args=(); alias=default
DEBUG 2026-01-08 20:34:39,513 utils (0.000) SELECT "django_session"."session_key", "django_session"."session_data", "django_session"."expire_date" FROM "django_session" WHERE ("django_session"."expire_date" > '2026-01-08 17:34:39.511142' AND "django_session"."session_key" = 's0pso4yq5la4a3hignel3hz7gjglqbu1') LIMIT 21; args=('2026-01-08 17:34:39.511142', 's0pso4yq5la4a3hignel3hz7gjglqbu1'); alias=default
DEBUG 2026-01-08 20:34:39,513 utils (0.000) SELECT "auth_user"."id", "auth_user"."password", "auth_user"."last_login", "auth_user"."is_superuser", "auth_user"."username", "auth_user"."first_name", "auth_user"."last_name", "auth_user"."email", "auth_user"."is_staff", "auth_user"."is_active", "auth_user"."date_joined" FROM "auth_user" WHERE "auth_user"."id" = 1 LIMIT 21; args=(1,); alias=default
DEBUG 2026-01-08 20:35:15,851 utils (0.000) SELECT "django_session"."session_key", "django_session"."session_data", "django_session"."expire_date" FROM "django_session" WHERE ("django_session"."expire_date" > '2026-01-08 17:35:15.849365' AND "django_session"."session_key" = 's0pso4yq5la4a3hignel3hz7gjglqbu1') LIMIT 21; args=('2026-01-08 17:35:15.849365', 's0pso4yq5la4a3hignel3hz7gjglqbu1'); alias=default
DEBUG 2026-01-08 20:35:15,852 utils (0.000) SELECT "auth_user"."id", "auth_user"."password", "auth_user"."last_login", "auth_user"."is_superuser", "auth_user"."username", "auth_user"."first_name", "auth_user"."last_name", "auth_user"."email", "auth_user"."is_staff", "auth_user"."is_active", "auth_user"."date_joined" FROM "auth_user" WHERE "auth_user"."id" = 1 LIMIT 21; args=(1,); alias=default
DEBUG 2026-01-08 20:35:15,902 utils (0.000) SELECT "django_session"."session_key", "django_session"."session_data", "django_session"."expire_date" FROM "django_session" WHERE ("django_session"."expire_date" > '2026-01-08 17:35:15.900340' AND "django_session"."session_key" = 's0pso4yq5la4a3hignel3hz7gjglqbu1') LIMIT 21; args=('2026-01-08 17:35:15.900340', 's0pso4yq5la4a3hignel3hz7gjglqbu1'); alias=default
DEBUG 2026-01-08 20:35:15,903 utils (0.000) SELECT "auth_user"."id", "auth_user"."password", "auth_user"."last_login", "auth_user"."is_superuser", "auth_user"."username", "auth_user"."first_name", "auth_user"."last_name", "auth_user"."email", "auth_user"."is_staff", "auth_user"."is_active", "auth_user"."date_joined" FROM "auth_user" WHERE "auth_user"."id" = 1 LIMIT 21; args=(1,); alias=default
DEBUG 2026-01-08 20:35:21,948 utils (0.000) SELECT "django_session"."session_key", "django_session"."session_data", "django_session"."expire_date" FROM "django_session" WHERE ("django_session"."expire_date" > '2026-01-08 17:35:21.947436' AND "django_session"."session_key" = 's0pso4yq5la4a3hignel3hz7gjglqbu1') LIMIT 21; args=('2026-01-08 17:35:21.947436', 's0pso4yq5la4a3hignel3hz7gjglqbu1'); alias=default
DEBUG 2026-01-08 20:35:21,949 utils (0.000) SELECT "auth_user"."id", "auth_user"."password", "auth_user"."last_login", "auth_user"."is_superuser", "auth_user"."username", "auth_user"."first_name", "auth_user"."last_name", "auth_user"."email", "auth_user"."is_staff", "auth_user"."is_active", "auth_user"."date_joined" FROM "auth_user" WHERE "auth_user"."id" = 1 LIMIT 21; args=(1,); alias=default
DEBUG 2026-01-08 20:35:21,949 utils (0.000) BEGIN; args=None; alias=default
DEBUG 2026-01-08 20:35:21,958 utils (0.003) SELECT 1 AS "a" FROM "task_manager_category" WHERE (NOT "task_manager_category"."is_deleted" AND "task_manager_category"."name" = 'sdfsf') LIMIT 1; args=(1, 'sdfsf'); alias=default
DEBUG 2026-01-08 20:35:21,960 utils (0.001) INSERT INTO "task_manager_category" ("name", "description", "created_at", "is_deleted", "deleted_at") VALUES ('sdfsf', 'sfsdfsf', '2026-01-08 17:35:21.958874', 0, '2026-01-08 17:35:21') RETURNING "task_manager_category"."id"; args=('sdfsf', 'sfsdfsf', '2026-01-08 17:35:21.958874', False, '2026-01-08 17:35:21'); alias=default
DEBUG 2026-01-08 20:35:21,961 utils (0.000) INSERT INTO "django_admin_log" ("action_time", "user_id", "content_type_id", "object_id", "object_repr", "action_flag", "change_message") VALUES ('2026-01-08 17:35:21.960705', 1, 8, '1', 'sdfsf', 1, '[{"added": {}}]') RETURNING "django_admin_log"."id"; args=('2026-01-08 17:35:21.960705', 1, 8, '1', 'sdfsf', 1, '[{"added": {}}]'); alias=default
DEBUG 2026-01-08 20:35:21,965 utils (0.003) COMMIT; args=None; alias=default
DEBUG 2026-01-08 20:35:21,971 utils (0.000) SELECT "django_session"."session_key", "django_session"."session_data", "django_session"."expire_date" FROM "django_session" WHERE ("django_session"."expire_date" > '2026-01-08 17:35:21.969225' AND "django_session"."session_key" = 's0pso4yq5la4a3hignel3hz7gjglqbu1') LIMIT 21; args=('2026-01-08 17:35:21.969225', 's0pso4yq5la4a3hignel3hz7gjglqbu1'); alias=default
DEBUG 2026-01-08 20:35:21,972 utils (0.000) SELECT "auth_user"."id", "auth_user"."password", "auth_user"."last_login", "auth_user"."is_superuser", "auth_user"."username", "auth_user"."first_name", "auth_user"."last_name", "auth_user"."email", "auth_user"."is_staff", "auth_user"."is_active", "auth_user"."date_joined" FROM "auth_user" WHERE "auth_user"."id" = 1 LIMIT 21; args=(1,); alias=default
DEBUG 2026-01-08 20:35:21,973 utils (0.000) SELECT COUNT(*) AS "__count" FROM "task_manager_category" WHERE NOT "task_manager_category"."is_deleted"; args=(); alias=default
DEBUG 2026-01-08 20:35:21,973 utils (0.000) SELECT COUNT(*) AS "__count" FROM "task_manager_category" WHERE NOT "task_manager_category"."is_deleted"; args=(); alias=default
DEBUG 2026-01-08 20:35:21,975 utils (0.000) SELECT "task_manager_category"."id", "task_manager_category"."name", "task_manager_category"."description", "task_manager_category"."created_at", "task_manager_category"."is_deleted", "task_manager_category"."deleted_at" FROM "task_manager_category" WHERE NOT "task_manager_category"."is_deleted" ORDER BY "task_manager_category"."name" ASC; args=(); alias=default
DEBUG 2026-01-08 20:35:22,058 utils (0.000) SELECT "django_session"."session_key", "django_session"."session_data", "django_session"."expire_date" FROM "django_session" WHERE ("django_session"."expire_date" > '2026-01-08 17:35:22.056961' AND "django_session"."session_key" = 's0pso4yq5la4a3hignel3hz7gjglqbu1') LIMIT 21; args=('2026-01-08 17:35:22.056961', 's0pso4yq5la4a3hignel3hz7gjglqbu1'); alias=default
DEBUG 2026-01-08 20:35:22,059 utils (0.000) SELECT "auth_user"."id", "auth_user"."password", "auth_user"."last_login", "auth_user"."is_superuser", "auth_user"."username", "auth_user"."first_name", "auth_user"."last_name", "auth_user"."email", "auth_user"."is_staff", "auth_user"."is_active", "auth_user"."date_joined" FROM "auth_user" WHERE "auth_user"."id" = 1 LIMIT 21; args=(1,); alias=default
DEBUG 2026-01-08 20:35:24,520 utils (0.000) SELECT "django_session"."session_key", "django_session"."session_data", "django_session"."expire_date" FROM "django_session" WHERE ("django_session"."expire_date" > '2026-01-08 17:35:24.518989' AND "django_session"."session_key" = 's0pso4yq5la4a3hignel3hz7gjglqbu1') LIMIT 21; args=('2026-01-08 17:35:24.518989', 's0pso4yq5la4a3hignel3hz7gjglqbu1'); alias=default
DEBUG 2026-01-08 20:35:24,521 utils (0.000) SELECT "auth_user"."id", "auth_user"."password", "auth_user"."last_login", "auth_user"."is_superuser", "auth_user"."username", "auth_user"."first_name", "auth_user"."last_name", "auth_user"."email", "auth_user"."is_staff", "auth_user"."is_active", "auth_user"."date_joined" FROM "auth_user" WHERE "auth_user"."id" = 1 LIMIT 21; args=(1,); alias=default
DEBUG 2026-01-08 20:35:24,522 utils (0.000) SELECT "task_manager_category"."id", "task_manager_category"."name", "task_manager_category"."description", "task_manager_category"."created_at", "task_manager_category"."is_deleted", "task_manager_category"."deleted_at" FROM "task_manager_category" WHERE (NOT "task_manager_category"."is_deleted" AND "task_manager_category"."id" = 1) LIMIT 21; args=(1,); alias=default
DEBUG 2026-01-08 20:35:24,577 utils (0.000) SELECT "django_session"."session_key", "django_session"."session_data", "django_session"."expire_date" FROM "django_session" WHERE ("django_session"."expire_date" > '2026-01-08 17:35:24.576214' AND "django_session"."session_key" = 's0pso4yq5la4a3hignel3hz7gjglqbu1') LIMIT 21; args=('2026-01-08 17:35:24.576214', 's0pso4yq5la4a3hignel3hz7gjglqbu1'); alias=default
DEBUG 2026-01-08 20:35:24,578 utils (0.000) SELECT "auth_user"."id", "auth_user"."password", "auth_user"."last_login", "auth_user"."is_superuser", "auth_user"."username", "auth_user"."first_name", "auth_user"."last_name", "auth_user"."email", "auth_user"."is_staff", "auth_user"."is_active", "auth_user"."date_joined" FROM "auth_user" WHERE "auth_user"."id" = 1 LIMIT 21; args=(1,); alias=default
DEBUG 2026-01-08 20:38:45,036 utils (0.000) SELECT "django_session"."session_key", "django_session"."session_data", "django_session"."expire_date" FROM "django_session" WHERE ("django_session"."expire_date" > '2026-01-08 17:38:45.034796' AND "django_session"."session_key" = 's0pso4yq5la4a3hignel3hz7gjglqbu1') LIMIT 21; args=('2026-01-08 17:38:45.034796', 's0pso4yq5la4a3hignel3hz7gjglqbu1'); alias=default
DEBUG 2026-01-08 20:38:45,036 utils (0.000) SELECT "auth_user"."id", "auth_user"."password", "auth_user"."last_login", "auth_user"."is_superuser", "auth_user"."username", "auth_user"."first_name", "auth_user"."last_name", "auth_user"."email", "auth_user"."is_staff", "auth_user"."is_active", "auth_user"."date_joined" FROM "auth_user" WHERE "auth_user"."id" = 1 LIMIT 21; args=(1,); alias=default
DEBUG 2026-01-08 20:38:55,343 utils (0.000) SELECT "django_session"."session_key", "django_session"."session_data", "django_session"."expire_date" FROM "django_session" WHERE ("django_session"."expire_date" > '2026-01-08 17:38:55.342343' AND "django_session"."session_key" = 's0pso4yq5la4a3hignel3hz7gjglqbu1') LIMIT 21; args=('2026-01-08 17:38:55.342343', 's0pso4yq5la4a3hignel3hz7gjglqbu1'); alias=default
DEBUG 2026-01-08 20:38:55,344 utils (0.000) SELECT "auth_user"."id", "auth_user"."password", "auth_user"."last_login", "auth_user"."is_superuser", "auth_user"."username", "auth_user"."first_name", "auth_user"."last_name", "auth_user"."email", "auth_user"."is_staff", "auth_user"."is_active", "auth_user"."date_joined" FROM "auth_user" WHERE "auth_user"."id" = 1 LIMIT 21; args=(1,); alias=default
DEBUG 2026-01-08 20:39:09,199 utils (0.000) SELECT "django_session"."session_key", "django_session"."session_data", "django_session"."expire_date" FROM "django_session" WHERE ("django_session"."expire_date" > '2026-01-08 17:39:09.198660' AND "django_session"."session_key" = 's0pso4yq5la4a3hignel3hz7gjglqbu1') LIMIT 21; args=('2026-01-08 17:39:09.198660', 's0pso4yq5la4a3hignel3hz7gjglqbu1'); alias=default
DEBUG 2026-01-08 20:39:09,200 utils (0.000) SELECT "auth_user"."id", "auth_user"."password", "auth_user"."last_login", "auth_user"."is_superuser", "auth_user"."username", "auth_user"."first_name", "auth_user"."last_name", "auth_user"."email", "auth_user"."is_staff", "auth_user"."is_active", "auth_user"."date_joined" FROM "auth_user" WHERE "auth_user"."id" = 1 LIMIT 21; args=(1,); alias=default
DEBUG 2026-01-08 20:39:22,508 utils (0.000) SELECT "django_session"."session_key", "django_session"."session_data", "django_session"."expire_date" FROM "django_session" WHERE ("django_session"."expire_date" > '2026-01-08 17:39:22.507343' AND "django_session"."session_key" = 's0pso4yq5la4a3hignel3hz7gjglqbu1') LIMIT 21; args=('2026-01-08 17:39:22.507343', 's0pso4yq5la4a3hignel3hz7gjglqbu1'); alias=default
DEBUG 2026-01-08 20:39:22,509 utils (0.000) SELECT "auth_user"."id", "auth_user"."password", "auth_user"."last_login", "auth_user"."is_superuser", "auth_user"."username", "auth_user"."first_name", "auth_user"."last_name", "auth_user"."email", "auth_user"."is_staff", "auth_user"."is_active", "auth_user"."date_joined" FROM "auth_user" WHERE "auth_user"."id" = 1 LIMIT 21; args=(1,); alias=default
DEBUG 2026-01-08 20:39:25,942 utils (0.000) SELECT "django_session"."session_key", "django_session"."session_data", "django_session"."expire_date" FROM "django_session" WHERE ("django_session"."expire_date" > '2026-01-08 17:39:25.940909' AND "django_session"."session_key" = 's0pso4yq5la4a3hignel3hz7gjglqbu1') LIMIT 21; args=('2026-01-08 17:39:25.940909', 's0pso4yq5la4a3hignel3hz7gjglqbu1'); alias=default
DEBUG 2026-01-08 20:39:25,943 utils (0.000) SELECT "auth_user"."id", "auth_user"."password", "auth_user"."last_login", "auth_user"."is_superuser", "auth_user"."username", "auth_user"."first_name", "auth_user"."last_name", "auth_user"."email", "auth_user"."is_staff", "auth_user"."is_active", "auth_user"."date_joined" FROM "auth_user" WHERE "auth_user"."id" = 1 LIMIT 21; args=(1,); alias=default
DEBUG 2026-01-08 20:39:25,945 utils (0.000) SELECT "django_session"."session_key", "django_session"."session_data", "django_session"."expire_date" FROM "django_session" WHERE "django_session"."session_key" = 's0pso4yq5la4a3hignel3hz7gjglqbu1' LIMIT 21; args=('s0pso4yq5la4a3hignel3hz7gjglqbu1',); alias=default
DEBUG 2026-01-08 20:39:25,950 utils (0.005) DELETE FROM "django_session" WHERE "django_session"."session_key" IN ('s0pso4yq5la4a3hignel3hz7gjglqbu1'); args=('s0pso4yq5la4a3hignel3hz7gjglqbu1',); alias=default
DEBUG 2026-01-08 20:39:34,322 utils (0.000) SELECT "auth_user"."id", "auth_user"."password", "auth_user"."last_login", "auth_user"."is_superuser", "auth_user"."username", "auth_user"."first_name", "auth_user"."last_name", "auth_user"."email", "auth_user"."is_staff", "auth_user"."is_active", "auth_user"."date_joined" FROM "auth_user" WHERE "auth_user"."username" = 'admin' LIMIT 21; args=('admin',); alias=default
DEBUG 2026-01-08 20:39:34,925 utils (0.000) SELECT 1 AS "a" FROM "django_session" WHERE "django_session"."session_key" = '8cu3fy63xvtg03fqgsuqhyfgu64hw626' LIMIT 1; args=(1, '8cu3fy63xvtg03fqgsuqhyfgu64hw626'); alias=default
DEBUG 2026-01-08 20:39:34,926 utils (0.000) BEGIN; args=None; alias=default
DEBUG 2026-01-08 20:39:34,927 utils (0.001) INSERT INTO "django_session" ("session_key", "session_data", "expire_date") VALUES ('8cu3fy63xvtg03fqgsuqhyfgu64hw626', 'e30:1vdtyw:odRbvL3RZFJxmlvDw58LA-6jheXbRJ909DwJgie_-8U', '2026-01-22 17:39:34.925952'); args=('8cu3fy63xvtg03fqgsuqhyfgu64hw626', 'e30:1vdtyw:odRbvL3RZFJxmlvDw58LA-6jheXbRJ909DwJgie_-8U', '2026-01-22 17:39:34.925952'); alias=default
DEBUG 2026-01-08 20:39:34,930 utils (0.003) COMMIT; args=None; alias=default
DEBUG 2026-01-08 20:39:34,935 utils (0.004) UPDATE "auth_user" SET "last_login" = '2026-01-08 17:39:34.931078' WHERE "auth_user"."id" = 2; args=('2026-01-08 17:39:34.931078', 2); alias=default
DEBUG 2026-01-08 20:39:34,936 utils (0.000) BEGIN; args=None; alias=default
DEBUG 2026-01-08 20:39:34,937 utils (0.001) UPDATE "django_session" SET "session_data" = '.eJxVjLEOwjAMRP8lM4pILAfKyM43RI7tkAJKpKadEP9OK3WA7XTv3b1NpGUucek6xVHMxXhz-O0S8VPrBuRB9d4stzpPY7KbYnfa7a2Jvq67-3dQqJd1fWQBUEJkd5bBYVZBgJCdaE6Skx8gEDvQNQUNmj14JkZQH9DxyXy-B_04uw:1vdtyw:Y6Dxkk1NxATSQJeYlrr8C8u60w1c0G4EkTfbCganvr4', "expire_date" = '2026-01-22 17:39:34.936337' WHERE "django_session"."session_key" = '8cu3fy63xvtg03fqgsuqhyfgu64hw626'; args=('.eJxVjLEOwjAMRP8lM4pILAfKyM43RI7tkAJKpKadEP9OK3WA7XTv3b1NpGUucek6xVHMxXhz-O0S8VPrBuRB9d4stzpPY7KbYnfa7a2Jvq67-3dQqJd1fWQBUEJkd5bBYVZBgJCdaE6Skx8gEDvQNQUNmj14JkZQH9DxyXy-B_04uw:1vdtyw:Y6Dxkk1NxATSQJeYlrr8C8u60w1c0G4EkTfbCganvr4', '2026-01-22 17:39:34.936337', '8cu3fy63xvtg03fqgsuqhyfgu64hw626'); alias=default
DEBUG 2026-01-08 20:39:34,941 utils (0.003) COMMIT; args=None; alias=default
DEBUG 2026-01-08 20:39:34,948 utils (0.000) SELECT "django_session"."session_key", "django_session"."session_data", "django_session"."expire_date" FROM "django_session" WHERE ("django_session"."expire_date" > '2026-01-08 17:39:34.945143' AND "django_session"."session_key" = '8cu3fy63xvtg03fqgsuqhyfgu64hw626') LIMIT 21; args=('2026-01-08 17:39:34.945143', '8cu3fy63xvtg03fqgsuqhyfgu64hw626'); alias=default
DEBUG 2026-01-08 20:39:34,949 utils (0.000) SELECT "auth_user"."id", "auth_user"."password", "auth_user"."last_login", "auth_user"."is_superuser", "auth_user"."username", "auth_user"."first_name", "auth_user"."last_name", "auth_user"."email", "auth_user"."is_staff", "auth_user"."is_active", "auth_user"."date_joined" FROM "auth_user" WHERE "auth_user"."id" = 2 LIMIT 21; args=(2,); alias=default
DEBUG 2026-01-08 20:39:34,955 utils (0.000) SELECT "django_admin_log"."id", "django_admin_log"."action_time", "django_admin_log"."user_id", "django_admin_log"."content_type_id", "django_admin_log"."object_id", "django_admin_log"."object_repr", "django_admin_log"."action_flag", "django_admin_log"."change_message", "auth_user"."id", "auth_user"."password", "auth_user"."last_login", "auth_user"."is_superuser", "auth_user"."username", "auth_user"."first_name", "auth_user"."last_name", "auth_user"."email", "auth_user"."is_staff", "auth_user"."is_active", "auth_user"."date_joined", "django_content_type"."id", "django_content_type"."app_label", "django_content_type"."model" FROM "django_admin_log" INNER JOIN "auth_user" ON ("django_admin_log"."user_id" = "auth_user"."id") LEFT OUTER JOIN "django_content_type" ON ("django_admin_log"."content_type_id" = "django_content_type"."id") WHERE "django_admin_log"."user_id" = 2 ORDER BY "django_admin_log"."action_time" DESC LIMIT 10; args=(2,); alias=default
DEBUG 2026-01-08 20:41:15,507 utils (0.000) SELECT "auth_user"."id", "auth_user"."password", "auth_user"."last_login", "auth_user"."is_superuser", "auth_user"."username", "auth_user"."first_name", "auth_user"."last_name", "auth_user"."email", "auth_user"."is_staff", "auth_user"."is_active", "auth_user"."date_joined" FROM "auth_user" WHERE "auth_user"."username" = 'admin' LIMIT 21; args=('admin',); alias=default
DEBUG 2026-01-08 20:41:16,118 utils (0.005) UPDATE "auth_user" SET "last_login" = '2026-01-08 17:41:16.113524' WHERE "auth_user"."id" = 2; args=('2026-01-08 17:41:16.113524', 2); alias=default
DEBUG 2026-01-08 20:43:26,662 utils (0.000) SELECT "auth_user"."id", "auth_user"."password", "auth_user"."last_login", "auth_user"."is_superuser", "auth_user"."username", "auth_user"."first_name", "auth_user"."last_name", "auth_user"."email", "auth_user"."is_staff", "auth_user"."is_active", "auth_user"."date_joined" FROM "auth_user" WHERE "auth_user"."username" = 'admin' LIMIT 21; args=('admin',); alias=default
DEBUG 2026-01-08 20:43:27,288 utils (0.006) UPDATE "auth_user" SET "last_login" = '2026-01-08 17:43:27.281670' WHERE "auth_user"."id" = 2; args=('2026-01-08 17:43:27.281670', 2); alias=default
DEBUG 2026-01-10 20:00:33,423 utils (0.000) 
            SELECT name, type FROM sqlite_master
            WHERE type in ('table', 'view') AND NOT name='sqlite_sequence'
            ORDER BY name; args=None; alias=default
DEBUG 2026-01-10 20:00:33,427 utils (0.000) SELECT "django_migrations"."id", "django_migrations"."app", "django_migrations"."name", "django_migrations"."applied" FROM "django_migrations"; args=(); alias=default
DEBUG 2026-01-10 21:11:47,148 utils (0.001) SELECT "auth_user"."id", "auth_user"."password", "auth_user"."last_login", "auth_user"."is_superuser", "auth_user"."username", "auth_user"."first_name", "auth_user"."last_name", "auth_user"."email", "auth_user"."is_staff", "auth_user"."is_active", "auth_user"."date_joined" FROM "auth_user" WHERE "auth_user"."username" = 'vladimir' LIMIT 21; args=('vladimir',); alias=default
DEBUG 2026-01-10 21:11:56,229 utils (0.000) SELECT "auth_user"."id", "auth_user"."password", "auth_user"."last_login", "auth_user"."is_superuser", "auth_user"."username", "auth_user"."first_name", "auth_user"."last_name", "auth_user"."email", "auth_user"."is_staff", "auth_user"."is_active", "auth_user"."date_joined" FROM "auth_user" WHERE "auth_user"."username" = 'vladimir1' LIMIT 21; args=('vladimir1',); alias=default
DEBUG 2026-01-10 21:12:01,845 utils (0.000) SELECT "auth_user"."id", "auth_user"."password", "auth_user"."last_login", "auth_user"."is_superuser", "auth_user"."username", "auth_user"."first_name", "auth_user"."last_name", "auth_user"."email", "auth_user"."is_staff", "auth_user"."is_active", "auth_user"."date_joined" FROM "auth_user" WHERE "auth_user"."username" = 'vladimir1' LIMIT 21; args=('vladimir1',); alias=default
DEBUG 2026-01-10 21:12:02,478 utils (0.005) UPDATE "auth_user" SET "last_login" = '2026-01-10 18:12:02.471027' WHERE "auth_user"."id" = 1; args=('2026-01-10 18:12:02.471027', 1); alias=default
DEBUG 2026-01-10 21:36:29,951 utils (0.000) SELECT "auth_user"."id", "auth_user"."password", "auth_user"."last_login", "auth_user"."is_superuser", "auth_user"."username", "auth_user"."first_name", "auth_user"."last_name", "auth_user"."email", "auth_user"."is_staff", "auth_user"."is_active", "auth_user"."date_joined" FROM "auth_user" WHERE "auth_user"."username" = 'vladimir1' LIMIT 21; args=('vladimir1',); alias=default
DEBUG 2026-01-10 21:36:30,745 utils (0.004) UPDATE "auth_user" SET "last_login" = '2026-01-10 18:36:30.738706' WHERE "auth_user"."id" = 1; args=('2026-01-10 18:36:30.738706', 1); alias=default
DEBUG 2026-01-10 21:40:59,815 utils (0.000) 
            SELECT name, type FROM sqlite_master
            WHERE type in ('table', 'view') AND NOT name='sqlite_sequence'
            ORDER BY name; args=None; alias=default
DEBUG 2026-01-10 21:40:59,817 utils (0.000) SELECT "django_migrations"."id", "django_migrations"."app", "django_migrations"."name", "django_migrations"."applied" FROM "django_migrations"; args=(); alias=default
DEBUG 2026-01-10 21:41:45,416 utils (0.000) 
            SELECT name, type FROM sqlite_master
            WHERE type in ('table', 'view') AND NOT name='sqlite_sequence'
            ORDER BY name; args=None; alias=default
DEBUG 2026-01-10 21:41:45,417 utils (0.000) SELECT "django_migrations"."id", "django_migrations"."app", "django_migrations"."name", "django_migrations"."applied" FROM "django_migrations"; args=(); alias=default
DEBUG 2026-01-10 21:42:03,297 utils (0.000) 
            SELECT name, type FROM sqlite_master
            WHERE type in ('table', 'view') AND NOT name='sqlite_sequence'
            ORDER BY name; args=None; alias=default
DEBUG 2026-01-10 21:42:03,298 utils (0.000) SELECT "django_migrations"."id", "django_migrations"."app", "django_migrations"."name", "django_migrations"."applied" FROM "django_migrations"; args=(); alias=default
DEBUG 2026-01-10 21:42:03,299 utils (0.000) 
            SELECT name, type FROM sqlite_master
            WHERE type in ('table', 'view') AND NOT name='sqlite_sequence'
            ORDER BY name; args=None; alias=default
DEBUG 2026-01-10 21:42:03,299 utils (0.000) SELECT "django_migrations"."id", "django_migrations"."app", "django_migrations"."name", "django_migrations"."applied" FROM "django_migrations"; args=(); alias=default
DEBUG 2026-01-10 21:42:03,304 utils (0.000) 
            SELECT name, type FROM sqlite_master
            WHERE type in ('table', 'view') AND NOT name='sqlite_sequence'
            ORDER BY name; args=None; alias=default
DEBUG 2026-01-10 21:42:03,304 utils (0.000) PRAGMA foreign_keys = OFF; args=None; alias=default
DEBUG 2026-01-10 21:42:03,305 utils (0.000) PRAGMA foreign_keys; args=None; alias=default
DEBUG 2026-01-10 21:42:03,305 utils (0.000) BEGIN; args=None; alias=default
DEBUG 2026-01-10 21:42:03,306 schema ALTER TABLE "task_manager_subtask" ADD COLUMN "deadline" datetime NULL; (params None)
DEBUG 2026-01-10 21:42:03,308 utils (0.002) ALTER TABLE "task_manager_subtask" ADD COLUMN "deadline" datetime NULL; args=None; alias=default
DEBUG 2026-01-10 21:42:03,310 schema ALTER TABLE "task_manager_subtask" ADD COLUMN "deleted_at" datetime NULL; (params None)
DEBUG 2026-01-10 21:42:03,310 utils (0.000) ALTER TABLE "task_manager_subtask" ADD COLUMN "deleted_at" datetime NULL; args=None; alias=default
DEBUG 2026-01-10 21:42:03,312 schema CREATE TABLE "new__task_manager_subtask" ("id" integer NOT NULL PRIMARY KEY AUTOINCREMENT, "title" varchar(200) NOT NULL, "description" text NULL, "completed" bool NOT NULL, "created_at" datetime NOT NULL, "updated_at" datetime NOT NULL, "task_id" bigint NOT NULL REFERENCES "task_manager_task" ("id") DEFERRABLE INITIALLY DEFERRED, "status" varchar(20) NOT NULL, "deadline" datetime NULL, "deleted_at" datetime NULL, "is_deleted" bool NOT NULL); (params None)
DEBUG 2026-01-10 21:42:03,312 utils (0.000) CREATE TABLE "new__task_manager_subtask" ("id" integer NOT NULL PRIMARY KEY AUTOINCREMENT, "title" varchar(200) NOT NULL, "description" text NULL, "completed" bool NOT NULL, "created_at" datetime NOT NULL, "updated_at" datetime NOT NULL, "task_id" bigint NOT NULL REFERENCES "task_manager_task" ("id") DEFERRABLE INITIALLY DEFERRED, "status" varchar(20) NOT NULL, "deadline" datetime NULL, "deleted_at" datetime NULL, "is_deleted" bool NOT NULL); args=None; alias=default
DEBUG 2026-01-10 21:42:03,313 schema INSERT INTO "new__task_manager_subtask" ("id", "title", "description", "completed", "created_at", "updated_at", "task_id", "status", "deadline", "deleted_at", "is_deleted") SELECT "id", "title", "description", "completed", "created_at", "updated_at", "task_id", "status", "deadline", "deleted_at", 0 FROM "task_manager_subtask"; (params ())
DEBUG 2026-01-10 21:42:03,313 utils (0.000) INSERT INTO "new__task_manager_subtask" ("id", "title", "description", "completed", "created_at", "updated_at", "task_id", "status", "deadline", "deleted_at", "is_deleted") SELECT "id", "title", "description", "completed", "created_at", "updated_at", "task_id", "status", "deadline", "deleted_at", 0 FROM "task_manager_subtask"; args=(); alias=default
DEBUG 2026-01-10 21:42:03,313 schema DROP TABLE "task_manager_subtask"; (params ())
DEBUG 2026-01-10 21:42:03,313 utils (0.000) DROP TABLE "task_manager_subtask"; args=(); alias=default
DEBUG 2026-01-10 21:42:03,313 schema ALTER TABLE "new__task_manager_subtask" RENAME TO "task_manager_subtask"; (params ())
DEBUG 2026-01-10 21:42:03,314 utils (0.001) ALTER TABLE "new__task_manager_subtask" RENAME TO "task_manager_subtask"; args=(); alias=default
DEBUG 2026-01-10 21:42:03,314 schema CREATE INDEX "task_manager_subtask_task_id_95d6e401" ON "task_manager_subtask" ("task_id"); (params ())
DEBUG 2026-01-10 21:42:03,314 utils (0.000) CREATE INDEX "task_manager_subtask_task_id_95d6e401" ON "task_manager_subtask" ("task_id"); args=(); alias=default
DEBUG 2026-01-10 21:42:03,319 schema CREATE TABLE "new__task_manager_subtask" ("id" integer NOT NULL PRIMARY KEY AUTOINCREMENT, "title" varchar(200) NOT NULL, "description" text NULL, "completed" bool NOT NULL, "created_at" datetime NOT NULL, "updated_at" datetime NOT NULL, "task_id" bigint NOT NULL REFERENCES "task_manager_task" ("id") DEFERRABLE INITIALLY DEFERRED, "status" varchar(20) NOT NULL, "deadline" datetime NULL, "deleted_at" datetime NULL, "is_deleted" bool NOT NULL, "owner_id" integer NOT NULL REFERENCES "auth_user" ("id") DEFERRABLE INITIALLY DEFERRED); (params None)
DEBUG 2026-01-10 21:42:03,319 utils (0.000) CREATE TABLE "new__task_manager_subtask" ("id" integer NOT NULL PRIMARY KEY AUTOINCREMENT, "title" varchar(200) NOT NULL, "description" text NULL, "completed" bool NOT NULL, "created_at" datetime NOT NULL, "updated_at" datetime NOT NULL, "task_id" bigint NOT NULL REFERENCES "task_manager_task" ("id") DEFERRABLE INITIALLY DEFERRED, "status" varchar(20) NOT NULL, "deadline" datetime NULL, "deleted_at" datetime NULL, "is_deleted" bool NOT NULL, "owner_id" integer NOT NULL REFERENCES "auth_user" ("id") DEFERRABLE INITIALLY DEFERRED); args=None; alias=default
DEBUG 2026-01-10 21:42:03,319 schema INSERT INTO "new__task_manager_subtask" ("id", "title", "description", "completed", "created_at", "updated_at", "task_id", "status", "deadline", "deleted_at", "is_deleted", "owner_id") SELECT "id", "title", "description", "completed", "created_at", "updated_at", "task_id", "status", "deadline", "deleted_at", "is_deleted", 1 FROM "task_manager_subtask"; (params ())
DEBUG 2026-01-10 21:42:03,319 utils (0.000) INSERT INTO "new__task_manager_subtask" ("id", "title", "description", "completed", "created_at", "updated_at", "task_id", "status", "deadline", "deleted_at", "is_deleted", "owner_id") SELECT "id", "title", "description", "completed", "created_at", "updated_at", "task_id", "status", "deadline", "deleted_at", "is_deleted", 1 FROM "task_manager_subtask"; args=(); alias=default
DEBUG 2026-01-10 21:42:03,319 schema DROP TABLE "task_manager_subtask"; (params ())
DEBUG 2026-01-10 21:42:03,319 utils (0.000) DROP TABLE "task_manager_subtask"; args=(); alias=default
DEBUG 2026-01-10 21:42:03,320 schema ALTER TABLE "new__task_manager_subtask" RENAME TO "task_manager_subtask"; (params ())
DEBUG 2026-01-10 21:42:03,320 utils (0.000) ALTER TABLE "new__task_manager_subtask" RENAME TO "task_manager_subtask"; args=(); alias=default
DEBUG 2026-01-10 21:42:03,320 schema CREATE INDEX "task_manager_subtask_task_id_95d6e401" ON "task_manager_subtask" ("task_id"); (params ())
DEBUG 2026-01-10 21:42:03,320 utils (0.000) CREATE INDEX "task_manager_subtask_task_id_95d6e401" ON "task_manager_subtask" ("task_id"); args=(); alias=default
DEBUG 2026-01-10 21:42:03,320 schema CREATE INDEX "task_manager_subtask_owner_id_49dc8d25" ON "task_manager_subtask" ("owner_id"); (params ())
DEBUG 2026-01-10 21:42:03,320 utils (0.000) CREATE INDEX "task_manager_subtask_owner_id_49dc8d25" ON "task_manager_subtask" ("owner_id"); args=(); alias=default
DEBUG 2026-01-10 21:42:03,322 schema ALTER TABLE "task_manager_task" ADD COLUMN "deleted_at" datetime NULL; (params None)
DEBUG 2026-01-10 21:42:03,322 utils (0.000) ALTER TABLE "task_manager_task" ADD COLUMN "deleted_at" datetime NULL; args=None; alias=default
DEBUG 2026-01-10 21:42:03,324 schema CREATE TABLE "new__task_manager_task" ("id" integer NOT NULL PRIMARY KEY AUTOINCREMENT, "title" varchar(200) NOT NULL, "description" text NULL, "status" varchar(20) NOT NULL, "deadline" datetime NULL, "created_at" datetime NOT NULL, "updated_at" datetime NOT NULL, "priority" varchar(20) NOT NULL, "category_id" bigint NULL REFERENCES "task_manager_category" ("id") DEFERRABLE INITIALLY DEFERRED, "deleted_at" datetime NULL, "is_deleted" bool NOT NULL); (params None)
DEBUG 2026-01-10 21:42:03,324 utils (0.000) CREATE TABLE "new__task_manager_task" ("id" integer NOT NULL PRIMARY KEY AUTOINCREMENT, "title" varchar(200) NOT NULL, "description" text NULL, "status" varchar(20) NOT NULL, "deadline" datetime NULL, "created_at" datetime NOT NULL, "updated_at" datetime NOT NULL, "priority" varchar(20) NOT NULL, "category_id" bigint NULL REFERENCES "task_manager_category" ("id") DEFERRABLE INITIALLY DEFERRED, "deleted_at" datetime NULL, "is_deleted" bool NOT NULL); args=None; alias=default
DEBUG 2026-01-10 21:42:03,324 schema INSERT INTO "new__task_manager_task" ("id", "title", "description", "status", "deadline", "created_at", "updated_at", "priority", "category_id", "deleted_at", "is_deleted") SELECT "id", "title", "description", "status", "deadline", "created_at", "updated_at", "priority", "category_id", "deleted_at", 0 FROM "task_manager_task"; (params ())
DEBUG 2026-01-10 21:42:03,324 utils (0.000) INSERT INTO "new__task_manager_task" ("id", "title", "description", "status", "deadline", "created_at", "updated_at", "priority", "category_id", "deleted_at", "is_deleted") SELECT "id", "title", "description", "status", "deadline", "created_at", "updated_at", "priority", "category_id", "deleted_at", 0 FROM "task_manager_task"; args=(); alias=default
DEBUG 2026-01-10 21:42:03,324 schema DROP TABLE "task_manager_task"; (params ())
DEBUG 2026-01-10 21:42:03,324 utils (0.000) DROP TABLE "task_manager_task"; args=(); alias=default
DEBUG 2026-01-10 21:42:03,325 schema ALTER TABLE "new__task_manager_task" RENAME TO "task_manager_task"; (params ())
DEBUG 2026-01-10 21:42:03,325 utils (0.000) ALTER TABLE "new__task_manager_task" RENAME TO "task_manager_task"; args=(); alias=default
DEBUG 2026-01-10 21:42:03,325 schema CREATE INDEX "task_manager_task_category_id_5f4a1aed" ON "task_manager_task" ("category_id"); (params ())
DEBUG 2026-01-10 21:42:03,325 utils (0.000) CREATE INDEX "task_manager_task_category_id_5f4a1aed" ON "task_manager_task" ("category_id"); args=(); alias=default
DEBUG 2026-01-10 21:42:03,330 schema CREATE TABLE "new__task_manager_task" ("id" integer NOT NULL PRIMARY KEY AUTOINCREMENT, "title" varchar(200) NOT NULL, "description" text NULL, "status" varchar(20) NOT NULL, "deadline" datetime NULL, "created_at" datetime NOT NULL, "updated_at" datetime NOT NULL, "priority" varchar(20) NOT NULL, "category_id" bigint NULL REFERENCES "task_manager_category" ("id") DEFERRABLE INITIALLY DEFERRED, "deleted_at" datetime NULL, "is_deleted" bool NOT NULL, "owner_id" integer NOT NULL REFERENCES "auth_user" ("id") DEFERRABLE INITIALLY DEFERRED); (params None)
DEBUG 2026-01-10 21:42:03,331 utils (0.000) CREATE TABLE "new__task_manager_task" ("id" integer NOT NULL PRIMARY KEY AUTOINCREMENT, "title" varchar(200) NOT NULL, "description" text NULL, "status" varchar(20) NOT NULL, "deadline" datetime NULL, "created_at" datetime NOT NULL, "updated_at" datetime NOT NULL, "priority" varchar(20) NOT NULL, "category_id" bigint NULL REFERENCES "task_manager_category" ("id") DEFERRABLE INITIALLY DEFERRED, "deleted_at" datetime NULL, "is_deleted" bool NOT NULL, "owner_id" integer NOT NULL REFERENCES "auth_user" ("id") DEFERRABLE INITIALLY DEFERRED); args=None; alias=default
DEBUG 2026-01-10 21:42:03,331 schema INSERT INTO "new__task_manager_task" ("id", "title", "description", "status", "deadline", "created_at", "updated_at", "priority", "category_id", "deleted_at", "is_deleted", "owner_id") SELECT "id", "title", "description", "status", "deadline", "created_at", "updated_at", "priority", "category_id", "deleted_at", "is_deleted", 1 FROM "task_manager_task"; (params ())
DEBUG 2026-01-10 21:42:03,331 utils (0.000) INSERT INTO "new__task_manager_task" ("id", "title", "description", "status", "deadline", "created_at", "updated_at", "priority", "category_id", "deleted_at", "is_deleted", "owner_id") SELECT "id", "title", "description", "status", "deadline", "created_at", "updated_at", "priority", "category_id", "deleted_at", "is_deleted", 1 FROM "task_manager_task"; args=(); alias=default
DEBUG 2026-01-10 21:42:03,331 schema DROP TABLE "task_manager_task"; (params ())
DEBUG 2026-01-10 21:42:03,331 utils (0.000) DROP TABLE "task_manager_task"; args=(); alias=default
DEBUG 2026-01-10 21:42:03,331 schema ALTER TABLE "new__task_manager_task" RENAME TO "task_manager_task"; (params ())
DEBUG 2026-01-10 21:42:03,331 utils (0.000) ALTER TABLE "new__task_manager_task" RENAME TO "task_manager_task"; args=(); alias=default
DEBUG 2026-01-10 21:42:03,331 schema CREATE INDEX "task_manager_task_category_id_5f4a1aed" ON "task_manager_task" ("category_id"); (params ())
DEBUG 2026-01-10 21:42:03,331 utils (0.000) CREATE INDEX "task_manager_task_category_id_5f4a1aed" ON "task_manager_task" ("category_id"); args=(); alias=default
DEBUG 2026-01-10 21:42:03,332 schema CREATE INDEX "task_manager_task_owner_id_848c5118" ON "task_manager_task" ("owner_id"); (params ())
DEBUG 2026-01-10 21:42:03,332 utils (0.000) CREATE INDEX "task_manager_task_owner_id_848c5118" ON "task_manager_task" ("owner_id"); args=(); alias=default
DEBUG 2026-01-10 21:42:03,332 utils (0.000) INSERT INTO "django_migrations" ("app", "name", "applied") VALUES ('task_manager', '0005_subtask_deadline_subtask_deleted_at_and_more', '2026-01-10 18:42:03.332203') RETURNING "django_migrations"."id"; args=('task_manager', '0005_subtask_deadline_subtask_deleted_at_and_more', '2026-01-10 18:42:03.332203'); alias=default
DEBUG 2026-01-10 21:42:03,332 utils (0.000) PRAGMA foreign_key_check; args=None; alias=default
DEBUG 2026-01-10 21:42:03,335 utils (0.002) COMMIT; args=None; alias=default
DEBUG 2026-01-10 21:42:03,335 utils (0.000) PRAGMA foreign_keys = ON; args=None; alias=default
DEBUG 2026-01-10 21:42:03,335 utils (0.000) SELECT "django_migrations"."id", "django_migrations"."app", "django_migrations"."name", "django_migrations"."applied" FROM "django_migrations"; args=(); alias=default
DEBUG 2026-01-10 21:42:03,340 utils (0.000) SELECT "django_content_type"."model" AS "model" FROM "django_content_type" WHERE "django_content_type"."app_label" = 'admin'; args=('admin',); alias=default
DEBUG 2026-01-10 21:42:03,341 utils (0.000) SELECT "django_content_type"."id", "django_content_type"."app_label", "django_content_type"."model" FROM "django_content_type" WHERE ("django_content_type"."app_label" = 'admin' AND "django_content_type"."model" IN ('logentry')); args=('admin', 'logentry'); alias=default
DEBUG 2026-01-10 21:42:03,342 utils (0.000) SELECT "auth_permission"."content_type_id" AS "content_type", "auth_permission"."codename" AS "codename" FROM "auth_permission" INNER JOIN "django_content_type" ON ("auth_permission"."content_type_id" = "django_content_type"."id") WHERE "auth_permission"."content_type_id" IN (1) ORDER BY "django_content_type"."app_label" ASC, "django_content_type"."model" ASC, 2 ASC; args=(1,); alias=default
DEBUG 2026-01-10 21:42:03,342 utils (0.000) SELECT "django_content_type"."model" AS "model" FROM "django_content_type" WHERE "django_content_type"."app_label" = 'admin'; args=('admin',); alias=default
DEBUG 2026-01-10 21:42:03,342 utils (0.000) SELECT "django_content_type"."model" AS "model" FROM "django_content_type" WHERE "django_content_type"."app_label" = 'auth'; args=('auth',); alias=default
DEBUG 2026-01-10 21:42:03,343 utils (0.000) SELECT "django_content_type"."id", "django_content_type"."app_label", "django_content_type"."model" FROM "django_content_type" WHERE ("django_content_type"."app_label" = 'auth' AND "django_content_type"."model" IN ('group', 'user', 'permission')); args=('auth', 'group', 'user', 'permission'); alias=default
DEBUG 2026-01-10 21:42:03,343 utils (0.000) SELECT "auth_permission"."content_type_id" AS "content_type", "auth_permission"."codename" AS "codename" FROM "auth_permission" INNER JOIN "django_content_type" ON ("auth_permission"."content_type_id" = "django_content_type"."id") WHERE "auth_permission"."content_type_id" IN (2, 3, 4) ORDER BY "django_content_type"."app_label" ASC, "django_content_type"."model" ASC, 2 ASC; args=(2, 3, 4); alias=default
DEBUG 2026-01-10 21:42:03,344 utils (0.000) SELECT "django_content_type"."model" AS "model" FROM "django_content_type" WHERE "django_content_type"."app_label" = 'auth'; args=('auth',); alias=default
DEBUG 2026-01-10 21:42:03,344 utils (0.000) SELECT "django_content_type"."model" AS "model" FROM "django_content_type" WHERE "django_content_type"."app_label" = 'contenttypes'; args=('contenttypes',); alias=default
DEBUG 2026-01-10 21:42:03,344 utils (0.000) SELECT "django_content_type"."id", "django_content_type"."app_label", "django_content_type"."model" FROM "django_content_type" WHERE ("django_content_type"."app_label" = 'contenttypes' AND "django_content_type"."model" IN ('contenttype')); args=('contenttypes', 'contenttype'); alias=default
DEBUG 2026-01-10 21:42:03,345 utils (0.000) SELECT "auth_permission"."content_type_id" AS "content_type", "auth_permission"."codename" AS "codename" FROM "auth_permission" INNER JOIN "django_content_type" ON ("auth_permission"."content_type_id" = "django_content_type"."id") WHERE "auth_permission"."content_type_id" IN (5) ORDER BY "django_content_type"."app_label" ASC, "django_content_type"."model" ASC, 2 ASC; args=(5,); alias=default
DEBUG 2026-01-10 21:42:03,345 utils (0.000) SELECT "django_content_type"."model" AS "model" FROM "django_content_type" WHERE "django_content_type"."app_label" = 'contenttypes'; args=('contenttypes',); alias=default
DEBUG 2026-01-10 21:42:03,345 utils (0.000) SELECT "django_content_type"."model" AS "model" FROM "django_content_type" WHERE "django_content_type"."app_label" = 'sessions'; args=('sessions',); alias=default
DEBUG 2026-01-10 21:42:03,345 utils (0.000) SELECT "django_content_type"."id", "django_content_type"."app_label", "django_content_type"."model" FROM "django_content_type" WHERE ("django_content_type"."app_label" = 'sessions' AND "django_content_type"."model" IN ('session')); args=('sessions', 'session'); alias=default
DEBUG 2026-01-10 21:42:03,346 utils (0.000) SELECT "auth_permission"."content_type_id" AS "content_type", "auth_permission"."codename" AS "codename" FROM "auth_permission" INNER JOIN "django_content_type" ON ("auth_permission"."content_type_id" = "django_content_type"."id") WHERE "auth_permission"."content_type_id" IN (6) ORDER BY "django_content_type"."app_label" ASC, "django_content_type"."model" ASC, 2 ASC; args=(6,); alias=default
DEBUG 2026-01-10 21:42:03,346 utils (0.000) SELECT "django_content_type"."model" AS "model" FROM "django_content_type" WHERE "django_content_type"."app_label" = 'sessions'; args=('sessions',); alias=default
DEBUG 2026-01-10 21:42:03,347 utils (0.000) SELECT "django_content_type"."model" AS "model" FROM "django_content_type" WHERE "django_content_type"."app_label" = 'task_manager'; args=('task_manager',); alias=default
DEBUG 2026-01-10 21:42:03,347 utils (0.000) SELECT "django_content_type"."id", "django_content_type"."app_label", "django_content_type"."model" FROM "django_content_type" WHERE ("django_content_type"."app_label" = 'task_manager' AND "django_content_type"."model" IN ('task', 'subtask', 'category')); args=('task_manager', 'task', 'subtask', 'category'); alias=default
DEBUG 2026-01-10 21:42:03,348 utils (0.000) SELECT "auth_permission"."content_type_id" AS "content_type", "auth_permission"."codename" AS "codename" FROM "auth_permission" INNER JOIN "django_content_type" ON ("auth_permission"."content_type_id" = "django_content_type"."id") WHERE "auth_permission"."content_type_id" IN (8, 9, 7) ORDER BY "django_content_type"."app_label" ASC, "django_content_type"."model" ASC, 2 ASC; args=(8, 9, 7); alias=default
DEBUG 2026-01-10 21:42:03,348 utils (0.000) SELECT "django_content_type"."model" AS "model" FROM "django_content_type" WHERE "django_content_type"."app_label" = 'task_manager'; args=('task_manager',); alias=default
DEBUG 2026-01-10 21:42:08,042 utils (0.000) 
            SELECT name, type FROM sqlite_master
            WHERE type in ('table', 'view') AND NOT name='sqlite_sequence'
            ORDER BY name; args=None; alias=default
DEBUG 2026-01-10 21:42:08,044 utils (0.000) SELECT "django_migrations"."id", "django_migrations"."app", "django_migrations"."name", "django_migrations"."applied" FROM "django_migrations"; args=(); alias=default
DEBUG 2026-01-10 21:45:33,727 utils (0.000) 
            SELECT name, type FROM sqlite_master
            WHERE type in ('table', 'view') AND NOT name='sqlite_sequence'
            ORDER BY name; args=None; alias=default
DEBUG 2026-01-10 21:45:33,729 utils (0.000) SELECT "django_migrations"."id", "django_migrations"."app", "django_migrations"."name", "django_migrations"."applied" FROM "django_migrations"; args=(); alias=default
DEBUG 2026-01-10 21:46:10,328 utils (0.000) 
            SELECT name, type FROM sqlite_master
            WHERE type in ('table', 'view') AND NOT name='sqlite_sequence'
            ORDER BY name; args=None; alias=default
DEBUG 2026-01-10 21:46:10,330 utils (0.000) SELECT "django_migrations"."id", "django_migrations"."app", "django_migrations"."name", "django_migrations"."applied" FROM "django_migrations"; args=(); alias=default
DEBUG 2026-01-10 21:46:15,652 utils (0.000) SELECT "auth_user"."id", "auth_user"."password", "auth_user"."last_login", "auth_user"."is_superuser", "auth_user"."username", "auth_user"."first_name", "auth_user"."last_name", "auth_user"."email", "auth_user"."is_staff", "auth_user"."is_active", "auth_user"."date_joined" FROM "auth_user" WHERE "auth_user"."id" = 1 LIMIT 21; args=(1,); alias=default
DEBUG 2026-01-10 21:46:15,654 utils (0.000) SELECT "task_manager_category"."id", "task_manager_category"."name", "task_manager_category"."description", "task_manager_category"."created_at", "task_manager_category"."is_deleted", "task_manager_category"."deleted_at" FROM "task_manager_category" WHERE (NOT "task_manager_category"."is_deleted" AND "task_manager_category"."id" = 1) LIMIT 21; args=(1,); alias=default
DEBUG 2026-01-10 21:46:15,657 utils (0.002) INSERT INTO "task_manager_task" ("title", "description", "status", "priority", "deadline", "category_id", "owner_id", "is_deleted", "deleted_at", "created_at", "updated_at") VALUES ('Моя первая задача', 'Описание задачи', 'pending', 'medium', NULL, 1, 1, 0, NULL, '2026-01-10 18:46:15.654661', '2026-01-10 18:46:15.654682') RETURNING "task_manager_task"."id"; args=('Моя первая задача', 'Описание задачи', 'pending', 'medium', None, 1, 1, False, None, '2026-01-10 18:46:15.654661', '2026-01-10 18:46:15.654682'); alias=default
