WARNING 2026-01-08 20:00:06,955 log "GET / HTTP/1.1" 404 2846
INFO 2026-01-08 20:00:15,303 log "GET /admin/ HTTP/1.1" 302 0
INFO 2026-01-08 20:00:15,343 log "GET /admin/login/?next=/admin/ HTTP/1.1" 200 4080
INFO 2026-01-08 20:00:22,649 log "POST /admin/login/?next=/admin/ HTTP/1.1" 200 4251
INFO 2026-01-08 20:00:27,068 log "POST /admin/login/?next=/admin/ HTTP/1.1" 200 4251
INFO 2026-01-08 20:00:31,062 log "GET /admin/login/?next=/admin/ HTTP/1.1" 200 4080
WARNING 2026-01-08 20:01:50,180 log "GET / HTTP/1.1" 404 2846
INFO 2026-01-08 20:01:53,845 log "GET /admin/ HTTP/1.1" 302 0
INFO 2026-01-08 20:01:53,869 log "GET /admin/login/?next=/admin/ HTTP/1.1" 200 4080
INFO 2026-01-08 20:02:01,566 log "POST /admin/login/?next=/admin/ HTTP/1.1" 200 4252
INFO 2026-01-08 20:02:05,917 log "POST /admin/login/?next=/admin/ HTTP/1.1" 302 0
INFO 2026-01-08 20:02:05,947 log "GET /admin/ HTTP/1.1" 200 9286
INFO 2026-01-08 20:02:05,968 log "GET /static/admin/css/dashboard.css HTTP/1.1" 304 0
INFO 2026-01-08 20:02:06,079 log "GET /static/admin/img/icon-addlink.svg HTTP/1.1" 304 0
INFO 2026-01-08 20:02:06,079 log "GET /static/admin/img/icon-changelink.svg HTTP/1.1" 304 0
WARNING 2026-01-08 20:14:19,528 log "GET /api/token/ HTTP/1.1" 405 40
WARNING 2026-01-08 20:15:05,783 log "GET / HTTP/1.1" 404 2846
WARNING 2026-01-08 20:25:28,934 log "GET / HTTP/1.1" 404 2846
WARNING 2026-01-08 20:25:37,828 log "POST /api/token/ HTTP/1.1" 400 79
INFO 2026-01-08 20:28:10,973 log "POST /api/token/ HTTP/1.1" 200 489
WARNING 2026-01-08 20:33:43,469 log "POST /categories/ HTTP/1.1" 404 2898
INFO 2026-01-08 20:33:59,853 log "GET /admin/ HTTP/1.1" 200 9286
INFO 2026-01-08 20:34:01,212 log "GET /admin/task_manager/category/add/ HTTP/1.1" 200 13072
INFO 2026-01-08 20:34:01,241 log "GET /static/admin/js/vendor/jquery/jquery.js HTTP/1.1" 304 0
INFO 2026-01-08 20:34:01,243 log "GET /static/admin/js/calendar.js HTTP/1.1" 304 0
INFO 2026-01-08 20:34:01,243 log "GET /static/admin/js/jquery.init.js HTTP/1.1" 304 0
INFO 2026-01-08 20:34:01,246 log "GET /static/admin/js/core.js HTTP/1.1" 304 0
INFO 2026-01-08 20:34:01,248 log "GET /static/admin/js/actions.js HTTP/1.1" 304 0
INFO 2026-01-08 20:34:01,248 log "GET /static/admin/js/admin/DateTimeShortcuts.js HTTP/1.1" 304 0
INFO 2026-01-08 20:34:01,248 log "GET /static/admin/js/admin/RelatedObjectLookups.js HTTP/1.1" 304 0
INFO 2026-01-08 20:34:01,248 log "GET /static/admin/js/urlify.js HTTP/1.1" 304 0
INFO 2026-01-08 20:34:01,251 log "GET /static/admin/js/prepopulate.js HTTP/1.1" 304 0
INFO 2026-01-08 20:34:01,251 log "GET /static/admin/js/vendor/xregexp/xregexp.js HTTP/1.1" 304 0
INFO 2026-01-08 20:34:01,309 log "GET /admin/jsi18n/ HTTP/1.1" 200 3342
INFO 2026-01-08 20:34:01,393 log "GET /static/admin/css/forms.css HTTP/1.1" 200 8844
INFO 2026-01-08 20:34:01,405 log "GET /static/admin/css/widgets.css HTTP/1.1" 200 11811
INFO 2026-01-08 20:34:01,431 log "GET /static/admin/js/prepopulate_init.js HTTP/1.1" 200 586
INFO 2026-01-08 20:34:01,468 log "GET /static/admin/js/change_form.js HTTP/1.1" 200 606
INFO 2026-01-08 20:34:01,489 log "GET /static/admin/img/icon-clock.svg HTTP/1.1" 304 0
INFO 2026-01-08 20:34:01,489 log "GET /static/admin/img/icon-calendar.svg HTTP/1.1" 304 0
WARNING 2026-01-08 20:34:09,287 log "POST /admin/task_manager/category/add/ HTTP/1.1" 403 2491
INFO 2026-01-08 20:34:19,692 log "GET /admin/task_manager/category/add/ HTTP/1.1" 302 0
INFO 2026-01-08 20:34:19,729 log "GET /admin/login/?next=/admin/task_manager/category/add/ HTTP/1.1" 200 4132
INFO 2026-01-08 20:34:27,752 log "GET /admin/task_manager/category/ HTTP/1.1" 302 0
INFO 2026-01-08 20:34:27,759 log "GET /admin/login/?next=/admin/task_manager/category/ HTTP/1.1" 200 4124
INFO 2026-01-08 20:34:32,066 log "GET /admin/task_manager HTTP/1.1" 302 0
INFO 2026-01-08 20:34:32,072 log "GET /admin/login/?next=/admin/task_manager HTTP/1.1" 200 4104
INFO 2026-01-08 20:34:39,470 log "GET /admin/task_manager/category/ HTTP/1.1" 200 11160
INFO 2026-01-08 20:34:39,510 log "GET /static/admin/css/changelists.css HTTP/1.1" 304 0
INFO 2026-01-08 20:34:39,512 log "GET /static/admin/img/search.svg HTTP/1.1" 304 0
INFO 2026-01-08 20:34:39,516 log "GET /admin/jsi18n/ HTTP/1.1" 200 3342
INFO 2026-01-08 20:34:39,615 log "GET /static/admin/js/filters.js HTTP/1.1" 304 0
INFO 2026-01-08 20:34:39,648 log "GET /static/admin/img/icon-viewlink.svg HTTP/1.1" 304 0
INFO 2026-01-08 20:34:39,648 log "GET /static/admin/img/tooltag-add.svg HTTP/1.1" 304 0
WARNING 2026-01-08 20:34:48,469 log "GET /task_manager HTTP/1.1" 404 2900
WARNING 2026-01-08 20:34:55,173 log "GET /task_manager/category/ HTTP/1.1" 404 2930
INFO 2026-01-08 20:35:15,865 log "GET /admin/task_manager/category/add/ HTTP/1.1" 200 13072
INFO 2026-01-08 20:35:15,905 log "GET /admin/jsi18n/ HTTP/1.1" 200 3342
INFO 2026-01-08 20:35:21,965 log "POST /admin/task_manager/category/add/ HTTP/1.1" 302 0
INFO 2026-01-08 20:35:22,019 log "GET /admin/task_manager/category/ HTTP/1.1" 200 13383
INFO 2026-01-08 20:35:22,062 log "GET /admin/jsi18n/ HTTP/1.1" 200 3342
INFO 2026-01-08 20:35:22,191 log "GET /static/admin/img/icon-yes-dark.svg HTTP/1.1" 304 0
INFO 2026-01-08 20:35:22,192 log "GET /static/admin/img/sorting-icons.svg HTTP/1.1" 304 0
INFO 2026-01-08 20:35:24,544 log "GET /admin/task_manager/category/1/change/ HTTP/1.1" 200 13369
INFO 2026-01-08 20:35:24,581 log "GET /admin/jsi18n/ HTTP/1.1" 200 3342
WARNING 2026-01-08 20:35:34,376 log "GET /task_manager/category/1/change/ HTTP/1.1" 404 2957
WARNING 2026-01-08 20:36:23,879 log "GET /categories/ HTTP/1.1" 404 2897
WARNING 2026-01-08 20:37:47,757 log "GET /categories/ HTTP/1.1" 404 2897
WARNING 2026-01-08 20:38:04,368 log "POST /categories/ HTTP/1.1" 404 2898
INFO 2026-01-08 20:38:45,146 log "GET /admin/password_change/ HTTP/1.1" 200 9177
INFO 2026-01-08 20:38:55,920 log "POST /admin/password_change/ HTTP/1.1" 200 9509
INFO 2026-01-08 20:39:09,796 log "POST /admin/password_change/ HTTP/1.1" 200 9699
INFO 2026-01-08 20:39:23,082 log "POST /admin/password_change/ HTTP/1.1" 200 9509
INFO 2026-01-08 20:39:25,965 log "POST /admin/logout/ HTTP/1.1" 200 3475
INFO 2026-01-08 20:39:27,043 log "GET /admin/ HTTP/1.1" 302 0
INFO 2026-01-08 20:39:27,049 log "GET /admin/login/?next=/admin/ HTTP/1.1" 200 4080
INFO 2026-01-08 20:39:34,942 log "POST /admin/login/?next=/admin/ HTTP/1.1" 302 0
INFO 2026-01-08 20:39:34,956 log "GET /admin/ HTTP/1.1" 200 8414
WARNING 2026-01-08 20:39:53,745 log "POST /api/token/ HTTP/1.1" 400 79
INFO 2026-01-08 20:41:16,119 log "POST /api/token/ HTTP/1.1" 200 489
WARNING 2026-01-08 20:42:12,209 log "GET /api/token/ HTTP/1.1" 405 40
INFO 2026-01-08 20:43:27,289 log "POST /api/token/ HTTP/1.1" 200 489
WARNING 2026-01-08 20:44:13,603 log "GET /api/token/refresh/ HTTP/1.1" 405 40
WARNING 2026-01-08 20:44:33,287 log "GET /api/token/refresh/ HTTP/1.1" 405 40
WARNING 2026-01-08 20:44:51,886 log "POST /api/token/refresh/ HTTP/1.1" 400 39
WARNING 2026-01-08 20:46:48,784 log "POST /api/token/refresh/ HTTP/1.1" 400 39
WARNING 2026-01-08 20:48:45,285 log "POST /api/v1/categories/ HTTP/1.1" 401 58
